Unhandled error: SyntaxError: Expected property name or '}' in JSON at position 1 (line 1 column 2)
    at JSON.parse (<anonymous>)
    at parse (C:\Users\RENE\smartclinic-ai\backend\node_modules\body-parser\lib\types\json.js:96:19)
    at C:\Users\RENE\smartclinic-ai\backend\node_modules\body-parser\lib\read.js:128:18
    at AsyncResource.runInAsyncScope (node:async_hooks:227:14)
    at invokeCallback (C:\Users\RENE\smartclinic-ai\backend\node_modules\raw-body\index.js:238:16)
    at done (C:\Users\RENE\smartclinic-ai\backend\node_modules\raw-body\index.js:227:7)
    at IncomingMessage.onEnd (C:\Users\RENE\smartclinic-ai\backend\node_modules\raw-body\index.js:287:7)
    at IncomingMessage.emit (node:events:509:28)
    at endReadableNT (node:internal/streams/readable:1729:12)
    at process.processTicksAndRejections (node:internal/process/task_queues:90:21) {
  expose: true,
  statusCode: 400,
  status: 400,
  body: '{bad',
  type: 'entity.parse.failed'
}
[Resend API Error]: {
  status: 422,
  error: {
    statusCode: 422,
    name: 'validation_error',
    message: 'Invalid `to` field. Please use our testing email address instead of domains like `example.com`. See our documentation for more information.'
  },
  path: '/emails'
}
Resend error: {
  statusCode: 422,
  name: 'validation_error',
  message: 'Invalid `to` field. Please use our testing email address instead of domains like `example.com`. See our documentation for more information.'
}
Resend send failed, checking Gmail fallback... Error: Invalid `to` field. Please use our testing email address instead of domains like `example.com`. See our documentation for more information.
    at sendConfirmationEmail (file:///C:/Users/RENE/smartclinic-ai/backend/services/email.service.js:139:15)
    at process.processTicksAndRejections (node:internal/process/task_queues:104:5)
    at async sendConfirmation (file:///C:/Users/RENE/smartclinic-ai/backend/controllers/email.controller.js:20:20)

============================
Hi, looks like you are running TensorFlow.js in Node.js. To speed things up dramatically, install our node backend, visit https://github.com/tensorflow/tfjs-node for more details. 
============================
